node.exe : FAIL 
src/App.test.js
At line:1 char:1
+ & "C:\Program 
Files\nodejs/node.exe" 
"C:\Program 
Files\nodejs/node_mo 
...
+ ~~~~~~~~~~~~~~~~~~~~~
~~~~~~~~~~~~~~~~~~~~~~~
~~~~~~~~~~~~~~~~~~~~~~~
~~
    + CategoryInfo     
         : NotSpecifi  
  ed: (FAIL src/App.   
 test.js:String) []    
, RemoteException
    + FullyQualifiedEr 
   rorId : NativeComm  
  andError
 
  ΓùÅ Test suite 
failed to run

    Cannot find module 
'react-router-dom' 
from 'src/App.js'

    Require stack:
      src/App.js
      src/App.test.js

    [0m [90m 1 
|[39m 
[36mimport[39m 
[33mReact[39m 
[36mfrom[39m [32m're
act'[39m[33m;[39m
    [31m[1m>[22m[39
m[90m 2 |[39m 
[36mimport[39m { [33
mBrowserRouter[39m 
[36mas[39m [33mRoute
r[39m[33m,[39m [33m
Routes[39m[33m,[39m 
[33mRoute[39m } 
[36mfrom[39m [32m're
act-router-dom'[39m[3
3m;[39m
     [90m   |[39m 
[31m[1m^[22m[39m
     [90m 3 |[39m 
[36mimport[39m { 
[33mAuthProvider[39m 
} [36mfrom[39m [32m'
./contexts/AuthContext'
[39m[33m;[39m
     [90m 4 |[39m 
[36mimport[39m 
[33mNavBar[39m 
[36mfrom[39m [32m'./
components/NavBar'[39m
[33m;[39m
     [90m 5 |[39m 
[36mimport[39m 
[33mFooter[39m 
[36mfrom[39m [32m'./
components/Footer'[39m
[33m;[39m[0m

      at 
Resolver.resolveModule 
(node_modules/jest-reso
lve/build/resolver.js:3
24:11)
      at 
Object.<anonymous> 
(src/App.js:2:1)
      at 
Object.<anonymous> 
(src/App.test.js:2:1)
      at TestScheduler.
scheduleTests (node_mod
ules/@jest/core/build/T
estScheduler.js:333:13)
      at runJest (node_
modules/@jest/core/buil
d/runJest.js:404:19)
      at _run10000 (nod
e_modules/@jest/core/bu
ild/cli/index.js:320:7)
      at runCLI (node_m
odules/@jest/core/build
/cli/index.js:173:3)

Test Suites: 1 failed, 
1 total
Tests:       0 total
Snapshots:   0 total
Time:        1.757 s
Ran all test suites.
